1	1	2	unknown	0	+	10,1,0,0	10,1,0,0	10,10,0,0	10,10,0,0	*	*	A

