#contig	start	end	name	score	strand	bases11	bases12	info	filter_info	ref_base
1	1	2	unknown	0	+	10,1,0,0	10,1,0,0	*	*	A

